nohup: ignoring input
Skipping gen_data submission.
Waiting for existing gen_data job 13144191 to finish first...
12:25:05  waiting for job 13144191 to drain...
12:25:05  job 13144191 done.
Submitted run_lsem: 13145148
12:25:05  waiting for job 13145148 to drain...
12:28:05  job 13145148 done.
Submitted run_lsem_i: 13146010
12:28:05  waiting for job 13146010 to drain...
12:32:06  job 13146010 done.
Submitted run_dml: 13147061
12:32:06  waiting for job 13147061 to drain...
12:36:06  job 13147061 done.
Submitted run_dmavae: 13148014
12:36:06  waiting for job 13148014 to drain...
12:40:06  job 13148014 done.
Submitted run_cmavae: 13148918
12:40:06  waiting for job 13148918 to drain...
12:43:08  job 13148918 done.
Submitted aggregate: 13149763
Done. Final job: 13149763
