nohup: ignoring input
Wed May 27 20:50:08 CEST 2026: releasing 1 held
Wed May 27 20:51:08 CEST 2026: releasing 1 held
Wed May 27 20:52:08 CEST 2026: releasing 1 held
Wed May 27 20:53:08 CEST 2026: releasing 1 held
Wed May 27 20:54:08 CEST 2026: releasing 1 held
Wed May 27 20:55:08 CEST 2026: releasing 1 held
Wed May 27 20:56:08 CEST 2026: releasing 1 held
Wed May 27 20:57:08 CEST 2026: releasing 1 held
Wed May 27 20:58:08 CEST 2026: releasing 1 held
Wed May 27 20:59:08 CEST 2026: releasing 1 held
Wed May 27 21:00:08 CEST 2026: releasing 1 held
Wed May 27 21:01:08 CEST 2026: releasing 1 held
Wed May 27 21:02:10 CEST 2026: releasing 1 held
Wed May 27 21:03:10 CEST 2026: releasing 1 held
Wed May 27 21:04:10 CEST 2026: releasing 1 held
Wed May 27 21:13:10 CEST 2026: releasing 94 held
Wed May 27 21:15:11 CEST 2026: releasing 63 held
Wed May 27 21:17:11 CEST 2026: releasing 93 held
Wed May 27 21:19:12 CEST 2026: releasing 91 held
Wed May 27 21:21:12 CEST 2026: releasing 91 held
Wed May 27 21:23:13 CEST 2026: releasing 91 held
Wed May 27 21:25:14 CEST 2026: releasing 91 held
squeue: error: Invalid user for SlurmUser slurm, ignored
squeue: fatal: Unable to process configuration file
squeue: error: Invalid user for SlurmUser slurm, ignored
squeue: fatal: Unable to process configuration file
squeue: error: Invalid user for SlurmUser slurm, ignored
squeue: fatal: Unable to process configuration file
Thu May 28 10:05:12 CEST 2026: releasing 1 held
Thu May 28 10:06:12 CEST 2026: releasing 1 held
Thu May 28 10:07:12 CEST 2026: releasing 1 held
Thu May 28 10:08:12 CEST 2026: releasing 1 held
Thu May 28 10:09:12 CEST 2026: releasing 1 held
Thu May 28 10:10:12 CEST 2026: releasing 1 held
Thu May 28 10:11:12 CEST 2026: releasing 1 held
Thu May 28 10:12:12 CEST 2026: releasing 1 held
Thu May 28 10:13:12 CEST 2026: releasing 1 held
Thu May 28 10:14:12 CEST 2026: releasing 1 held
Thu May 28 10:15:12 CEST 2026: releasing 1 held
Thu May 28 10:16:12 CEST 2026: releasing 1 held
Thu May 28 10:17:12 CEST 2026: releasing 1 held
Thu May 28 10:18:12 CEST 2026: releasing 1 held
Thu May 28 10:19:12 CEST 2026: releasing 1 held
Thu May 28 10:20:12 CEST 2026: releasing 1 held
Thu May 28 10:21:12 CEST 2026: releasing 27 held
Thu May 28 10:23:13 CEST 2026: releasing 3 held
Thu May 28 10:29:13 CEST 2026: releasing 1 held
Thu May 28 10:31:13 CEST 2026: releasing 1 held
Thu May 28 10:32:13 CEST 2026: releasing 1 held
Thu May 28 10:33:13 CEST 2026: releasing 1 held
Thu May 28 10:34:13 CEST 2026: releasing 1 held
Thu May 28 10:35:13 CEST 2026: releasing 1 held
Thu May 28 10:36:13 CEST 2026: releasing 1 held
Thu May 28 10:37:13 CEST 2026: releasing 1 held
Thu May 28 10:38:13 CEST 2026: releasing 1 held
Thu May 28 10:39:13 CEST 2026: releasing 1 held
Thu May 28 10:40:13 CEST 2026: releasing 1 held
Thu May 28 10:41:13 CEST 2026: releasing 1 held
Thu May 28 10:42:13 CEST 2026: releasing 1 held
Thu May 28 10:43:13 CEST 2026: releasing 1 held
Thu May 28 10:44:13 CEST 2026: releasing 1 held
Thu May 28 10:45:13 CEST 2026: releasing 1 held
Thu May 28 10:46:14 CEST 2026: releasing 1 held
Thu May 28 10:47:14 CEST 2026: releasing 99 held
Thu May 28 10:49:15 CEST 2026: releasing 11 held
Thu May 28 10:58:21 CEST 2026: releasing 1 held
Thu May 28 10:59:21 CEST 2026: releasing 1 held
Thu May 28 11:00:21 CEST 2026: releasing 1 held
Thu May 28 11:01:22 CEST 2026: releasing 1 held
Thu May 28 11:02:22 CEST 2026: releasing 1 held
Thu May 28 11:03:22 CEST 2026: releasing 1 held
Thu May 28 11:04:22 CEST 2026: releasing 1 held
Thu May 28 11:05:22 CEST 2026: releasing 1 held
Thu May 28 11:06:22 CEST 2026: releasing 1 held
Thu May 28 11:07:22 CEST 2026: releasing 1 held
Thu May 28 11:08:22 CEST 2026: releasing 1 held
Thu May 28 11:09:22 CEST 2026: releasing 1 held
Thu May 28 11:10:22 CEST 2026: releasing 1 held
Thu May 28 11:11:22 CEST 2026: releasing 1 held
Thu May 28 11:12:22 CEST 2026: releasing 1 held
Thu May 28 11:13:22 CEST 2026: releasing 1 held
Thu May 28 11:14:22 CEST 2026: releasing 99 held
Thu May 28 11:16:23 CEST 2026: releasing 11 held
Thu May 28 11:22:23 CEST 2026: releasing 1 held
Thu May 28 11:24:23 CEST 2026: releasing 1 held
Thu May 28 11:25:23 CEST 2026: releasing 1 held
Thu May 28 11:26:23 CEST 2026: releasing 1 held
Thu May 28 11:27:23 CEST 2026: releasing 1 held
Thu May 28 11:28:23 CEST 2026: releasing 1 held
Thu May 28 11:29:23 CEST 2026: releasing 1 held
Thu May 28 11:30:23 CEST 2026: releasing 1 held
Thu May 28 11:31:23 CEST 2026: releasing 1 held
Thu May 28 11:32:23 CEST 2026: releasing 1 held
Thu May 28 11:33:23 CEST 2026: releasing 1 held
Thu May 28 11:34:23 CEST 2026: releasing 1 held
Thu May 28 11:35:23 CEST 2026: releasing 1 held
Thu May 28 11:36:23 CEST 2026: releasing 1 held
Thu May 28 11:37:23 CEST 2026: releasing 1 held
Thu May 28 11:38:23 CEST 2026: releasing 1 held
Thu May 28 11:39:23 CEST 2026: releasing 1 held
Thu May 28 11:40:23 CEST 2026: releasing 20 held
Thu May 28 12:03:26 CEST 2026: releasing 1 held
Thu May 28 12:13:27 CEST 2026: releasing 1 held
Thu May 28 12:15:27 CEST 2026: releasing 1 held
Thu May 28 12:16:27 CEST 2026: releasing 1 held
Thu May 28 12:17:27 CEST 2026: releasing 1 held
Thu May 28 12:18:27 CEST 2026: releasing 1 held
Thu May 28 12:19:27 CEST 2026: releasing 1 held
Thu May 28 12:20:27 CEST 2026: releasing 1 held
Thu May 28 12:21:27 CEST 2026: releasing 1 held
Thu May 28 12:22:27 CEST 2026: releasing 1 held
Thu May 28 12:23:27 CEST 2026: releasing 1 held
Thu May 28 12:24:27 CEST 2026: releasing 1 held
Thu May 28 12:25:27 CEST 2026: releasing 1 held
Thu May 28 12:26:27 CEST 2026: releasing 1 held
Thu May 28 12:27:27 CEST 2026: releasing 26 held
Thu May 28 12:33:27 CEST 2026: releasing 1 held
Thu May 28 12:35:28 CEST 2026: releasing 1 held
Thu May 28 12:36:28 CEST 2026: releasing 1 held
Thu May 28 12:37:28 CEST 2026: releasing 1 held
Thu May 28 12:38:28 CEST 2026: releasing 1 held
Thu May 28 12:39:28 CEST 2026: releasing 1 held
Thu May 28 12:40:28 CEST 2026: releasing 1 held
Thu May 28 12:41:28 CEST 2026: releasing 1 held
Thu May 28 12:42:28 CEST 2026: releasing 1 held
Thu May 28 12:43:28 CEST 2026: releasing 1 held
Thu May 28 12:44:28 CEST 2026: releasing 1 held
Thu May 28 12:45:28 CEST 2026: releasing 1 held
Thu May 28 12:47:28 CEST 2026: releasing 1 held
Thu May 28 12:48:28 CEST 2026: releasing 1 held
Thu May 28 12:49:28 CEST 2026: releasing 1 held
Thu May 28 12:50:28 CEST 2026: releasing 1 held
Thu May 28 12:51:28 CEST 2026: releasing 1 held
Thu May 28 12:52:28 CEST 2026: releasing 1 held
Thu May 28 12:53:28 CEST 2026: releasing 23 held
slurm_load_jobs error: Unable to contact slurm controller (connect failure)
slurm_load_jobs error: Unable to contact slurm controller (connect failure)
slurm_load_jobs error: Unable to contact slurm controller (connect failure)
slurm_load_jobs error: Unable to contact slurm controller (connect failure)
slurm_load_jobs error: Unable to contact slurm controller (connect failure)
slurm_load_jobs error: Unable to contact slurm controller (connect failure)
slurm_load_jobs error: Unable to contact slurm controller (connect failure)
slurm_load_jobs error: Unable to contact slurm controller (connect failure)
slurm_load_partitions: Unable to contact slurm controller (connect failure)
slurm_load_jobs error: Unable to contact slurm controller (connect failure)
slurm_load_jobs error: Unable to contact slurm controller (connect failure)
slurm_load_jobs error: Unable to contact slurm controller (connect failure)
slurm_load_jobs error: Unable to contact slurm controller (connect failure)
slurm_load_jobs error: Unable to contact slurm controller (connect failure)
slurm_load_jobs error: Unable to contact slurm controller (connect failure)
slurm_load_jobs error: Unable to contact slurm controller (connect failure)
slurm_load_jobs error: Unable to contact slurm controller (connect failure)
slurm_load_jobs error: Unable to contact slurm controller (connect failure)
slurm_load_jobs error: Unable to contact slurm controller (connect failure)
slurm_load_jobs error: Unable to contact slurm controller (connect failure)
slurm_load_jobs error: Unable to contact slurm controller (connect failure)
slurm_load_jobs error: Unable to contact slurm controller (connect failure)
slurm_load_jobs error: Unable to contact slurm controller (connect failure)
slurm_load_jobs error: Unable to contact slurm controller (connect failure)
slurm_load_jobs error: Unable to contact slurm controller (connect failure)
slurm_load_jobs error: Unable to contact slurm controller (connect failure)
slurm_load_jobs error: Unable to contact slurm controller (connect failure)
slurm_load_jobs error: Unable to contact slurm controller (connect failure)
slurm_load_jobs error: Unable to contact slurm controller (connect failure)
slurm_load_jobs error: Unable to contact slurm controller (connect failure)
slurm_load_jobs error: Unable to contact slurm controller (connect failure)
slurm_load_jobs error: Unable to contact slurm controller (connect failure)
slurm_load_jobs error: Unable to contact slurm controller (connect failure)
slurm_load_jobs error: Unable to contact slurm controller (connect failure)
slurm_load_jobs error: Unable to contact slurm controller (connect failure)
slurm_load_jobs error: Unable to contact slurm controller (connect failure)
slurm_load_jobs error: Unable to contact slurm controller (connect failure)
slurm_load_jobs error: Unable to contact slurm controller (connect failure)
slurm_load_jobs error: Unable to contact slurm controller (connect failure)
slurm_load_jobs error: Unable to contact slurm controller (connect failure)
slurm_load_jobs error: Unable to contact slurm controller (connect failure)
slurm_load_jobs error: Unable to contact slurm controller (connect failure)
slurm_load_jobs error: Unable to contact slurm controller (connect failure)
slurm_load_jobs error: Unable to contact slurm controller (connect failure)
slurm_load_jobs error: Unable to contact slurm controller (connect failure)
slurm_load_jobs error: Unable to contact slurm controller (connect failure)
slurm_load_jobs error: Unable to contact slurm controller (connect failure)
slurm_load_jobs error: Unable to contact slurm controller (connect failure)
slurm_load_jobs error: Unable to contact slurm controller (connect failure)
slurm_load_jobs error: Unable to contact slurm controller (connect failure)
slurm_load_jobs error: Unable to contact slurm controller (connect failure)
